{"charge_limit_best": [0.38, 0.38, 0.52, 0.38, 9.52, 9.52, 9.52, 9.52], "charge_window_best": [{"start": 1020, "end": 1080, "average": 25.58, "target": 0.38}, {"start": 1140, "end": 1170, "average": 25.58, "target": 0.38}, {"start": 1170, "end": 1200, "average": 25.58, "target": 0.52}, {"start": 1200, "end": 1380, "average": 25.58, "target": 0.38}, {"start": 1410, "end": 1470, "average": 7.0, "target": 2.902}, {"start": 1530, "end": 1770, "average": 7.0, "target": 9.442}, {"start": 2460, "end": 3210, "average": 7.0045361328125, "target": 9.52}, {"start": 3210, "end": 3900, "average": 25.58, "target": 9.52}], "export_window_best": [{"average": 75.0, "end": 1140, "start": 1080, "target": 9, "set": 69.8}, {"average": 15.0, "end": 1530, "start": 1475, "target": 4, "set": 14.0, "start_orig": 1470}, {"average": 15.0, "end": 2460, "start": 2415, "target": 4, "set": 14.0, "start_orig": 2400}], "export_limits_best": [4.0, 0.0, 0.0]}
