{"charge_limit_best": [0.38, 2.02, 0.38, 2.02, 0.38, 9.52, 0.38, 9.52, 9.52, 9.52, 9.52, 9.52, 9.52, 9.52, 9.52, 9.52], "charge_window_best": [{"start": 1350, "end": 1440, "average": 18.96, "target": 0.38}, {"start": 1440, "end": 1470, "average": 18.3, "target": 2.02}, {"start": 1500, "end": 1530, "average": 20.73, "target": 0.38}, {"start": 1530, "end": 1560, "average": 18.58, "target": 2.02}, {"start": 1560, "end": 1620, "average": 19.565, "target": 0.38}, {"start": 1620, "end": 1680, "average": 18.189999999999998, "target": 4.542}, {"start": 1680, "end": 1710, "average": 20.08, "target": 0.38}, {"start": 1710, "end": 1740, "average": 18.08, "target": 5.803}, {"start": 2790, "end": 3120, "average": 18.56890625, "target": 9.52}, {"start": 3120, "end": 3180, "average": 19.08, "target": 9.52}, {"start": 3180, "end": 3210, "average": 22.62, "target": 9.52}, {"start": 3210, "end": 3240, "average": 24.13, "target": 9.52}, {"start": 3240, "end": 3270, "average": 29.28, "target": 9.52}, {"start": 3270, "end": 3300, "average": 34.4, "target": 9.52}, {"start": 3300, "end": 3330, "average": 37.36, "target": 9.52}, {"start": 3330, "end": 3360, "average": 46.47, "target": 9.52}], "export_window_best": [], "export_limits_best": []}
